<boardgames>
			<boardgame objectid="40214">
			<name primary="true">Bombay</name>
			<yearpublished></yearpublished>
		</boardgame>
			<boardgame objectid="5640">
			<name primary="true">Bombay Bazar</name>
			<yearpublished></yearpublished>
		</boardgame>
	</boardgames>